
> client@0.0.0 build
> vite build

[36mvite v7.2.7 [32mbuilding client environment for production...[36m[39m
transforming...
[32mΓ£ô[39m 3 modules transformed.
node.exe : 
[31mΓ£ù[39m Build 
failed in 413ms
At line:1 char:1
+ & "C:\Program Files\
nodejs/node.exe" 
"C:\Program 
Files\nodejs/node_mo 
...
+ ~~~~~~~~~~~~~~~~~~~~
~~~~~~~~~~~~~~~~~~~~~~
~~~~~~~~~~~~~~~~~~~~~~
~~~~~
    + CategoryInfo    
          : NotSpeci  
  fied: ([31mΓ£ù[   
 39m Build failed     
in 413ms:String)     
[], RemoteExcepti    
on
    + FullyQualifiedE 
   rrorId : NativeCo  
  mmandError
 
[31merror during 
build:
[31m[vite:css] 
[postcss] It looks 
like you're trying to 
use `tailwindcss` 
directly as a PostCSS 
plugin. The PostCSS 
plugin has moved to a 
separate package, so 
to continue using 
Tailwind CSS with 
PostCSS you'll need 
to install `@tailwindc
ss/postcss` and 
update your PostCSS 
configuration.[31m
file: [36mC:/Users/ar
jun/OneDrive/Desktop/P
ROJECT_MERN/client/src
/index.css:undefined:N
aN[31m
    at at (C:\Users\ar
jun\OneDrive\Desktop\P
ROJECT_MERN\client\nod
e_modules\tailwindcss\
dist\lib.js:38:1629)
    at 
LazyResult.runOnRoot (
C:\Users\arjun\OneDriv
e\Desktop\PROJECT_MERN
\client\node_modules\p
ostcss\lib\lazy-result
.js:361:16)
    at 
LazyResult.runAsync (C
:\Users\arjun\OneDrive
\Desktop\PROJECT_MERN\
client\node_modules\po
stcss\lib\lazy-result.
js:290:26)
    at 
LazyResult.async (C:\U
sers\arjun\OneDrive\De
sktop\PROJECT_MERN\cli
ent\node_modules\postc
ss\lib\lazy-result.js:
192:30)
    at 
LazyResult.then (C:\Us
ers\arjun\OneDrive\Des
ktop\PROJECT_MERN\clie
nt\node_modules\postcs
s\lib\lazy-result.js:4
36:17)[39m
